[48;2;107;80;255m [38;2;255;250;241;1mgummi[39;22m [38;2;58;57;67;48;2;32;31;38m │ [39;48;2;90;78;127m [38;2;247;246;251mboard[39m [38;2;58;57;67;48;2;32;31;38m │ [39m [38;2;133;131;146minbox[39m [38;2;58;57;67m │ [39m [38;2;133;131;146magent[39m                        [38;2;133;131;146mtab[38;2;96;95;107m cycle · [38;2;133;131;146malt+1/2/3[38;2;96;95;107m board/inbox/agent[39m [m
[48;2;32;31;38m                                                                                                    [m
[48;2;32;31;38m  [38;2;255;96;255;1mFD-001[39;22m [38;2;247;246;251m· spec[39m                                                                                     [m
[48;2;32;31;38m  [38;2;58;57;67m────────────────────────────────────────────────────────────────────────────[39m                      [m
[48;2;32;31;38m  [38;2;107;80;255m▸[38;2;247;246;251;48;2;90;78;127m1[39;48;2;32;31;38m  [38;2;255;96;255;1m## Problem[39;22m                                                                                    [m
[48;2;32;31;38m   [38;2;96;95;107m2[38;2;232;254;150m▍[39m [38;2;247;246;251mResolved design question.[39m                                                                     [m
[48;2;32;31;38m   [38;2;96;95;107m3[39m    [38;2;0;255;178m%% @user(2026-07-03): was this the right call?[39m                                              [m
[48;2;32;31;38m   [38;2;96;95;107m4[39m    [38;2;0;255;178m%% @user(2026-07-03): resolved[39m                                                              [m
[48;2;32;31;38m   [38;2;96;95;107m5[39m  [38;2;255;96;255;1m## Chosen approach[39;22m                                                                            [m
[48;2;32;31;38m   [38;2;96;95;107m6[39m                                                                                                [m
[48;2;32;31;38m                                                                                                    [m
[48;2;32;31;38m                                                                                                    [m
[48;2;32;31;38m                                                                                                    [m
[48;2;32;31;38m                                                                                                    [m
[48;2;32;31;38m                                                                                                    [m
[48;2;32;31;38m                                                                                                    [m
[48;2;32;31;38m                                                                                                    [m
[48;2;32;31;38m                                                                                                    [m
[48;2;32;31;38m                                                                                                    [m
[48;2;32;31;38m                                                                                                    [m
[48;2;32;31;38m                                                                                                    [m
[48;2;32;31;38m                                                                                                    [m
[48;2;32;31;38m                                                                                                    [m
[48;2;32;31;38m                                                                                                    [m
[48;2;32;31;38m                                                                                                    [m
[48;2;32;31;38m                                                                                                    [m
[48;2;32;31;38m                                                                                                    [m
[48;2;32;31;38m                                                                                                    [m
[48;2;32;31;38m                                                                                                    [m
[38;2;247;246;251;48;2;107;80;255m [38;2;255;250;241;1mgummi[39;22m [48;2;32;31;38m [48;2;77;76;87m [38;2;191;188;200m1 todo[39m [48;2;32;31;38m                 [38;2;191;188;200mc[39m [38;2;133;131;146mcomment[38;2;96;95;107m · [38;2;191;188;200mx[39m [38;2;133;131;146mresolve[38;2;96;95;107m · [38;2;191;188;200mn/p[39m [38;2;133;131;146mmarkers[38;2;96;95;107m · [38;2;191;188;200mg[39m [38;2;133;131;146mapprove[38;2;96;95;107m · [38;2;191;188;200mesc[39m [38;2;133;131;146mback[38;2;96;95;107m · [38;2;191;188;200m?[39m [38;2;133;131;146mhelp[m