[48;2;107;80;255m [38;2;255;250;241;1mgummi[39;22m [38;2;58;57;67;49m │ [39;48;2;90;78;127m [38;2;247;246;251mboard[39m [38;2;58;57;67;49m │ [m [38;2;133;131;146minbox[m [38;2;58;57;67m │ [m [38;2;133;131;146magent[m                        [38;2;133;131;146mtab[38;2;96;95;107m cycle · [38;2;133;131;146malt+1/2/3[38;2;96;95;107m board/inbox/agent[m

  [38;2;255;96;255;1mFD-001[m [38;2;247;246;251m· spec[m  [48;2;77;76;87m [38;2;191;188;200mread[39m [m [38;2;232;254;150m✎ 7 open[m
  [38;2;58;57;67m────────────────────────────────────────────────────────────────────────────[m
  [38;2;191;188;200;1minformational (agent)[m
  [38;2;232;254;150m  ☐ [38;2;191;188;200mwhat hurts today? who feels it?[38;2;96;95;107m  L5[m
  [38;2;232;254;150m  ☐ [38;2;191;188;200mwhat this feature deliberately won't do — scope boundaries prevent gold-plating[38;2;96;95;107m  L9[m
  [38;2;232;254;150m  ☐ [38;2;191;188;200mat least two candidates, with tradeoffs[38;2;96;95;107m  L13[m
  [38;2;232;254;150m  ☐ [38;2;191;188;200mconverge on one during the spec stage[38;2;96;95;107m  L17[m
  [38;2;232;254;150m  ☐ [38;2;191;188;200mimplement checkpoints here — what's done, what's left, where to resume[38;2;96;95;107m  L23[m
  [38;2;232;254;150m  ☐ [38;2;191;188;200mreviewer findings land here; the implementer resolves each one[38;2;96;95;107m  L27[m
  [38;2;232;254;150m  ☐ [38;2;191;188;200mthe repo's build/test/lint commands land here as a gummi-checks block at approval (auto-…[38;2;96;95;107m  L31[m


    [38;5;228;48;5;63;1m FD-001: Dark mode [38;5;252;49;22m                                                                          [m
    [38;5;252m                                                                                             [m
    [38;5;39;1m## Problem[38;5;252;22m                                                                                   [m
    [38;5;252m                                                                                             [m
    [38;5;252m%% @gummi: what hurts today? who feels it?                                                   [m
    [38;5;252m                                                                                             [m
    [38;5;39;1m## Out of scope[38;5;252;22m                                                                              [m
    [38;5;252m                                                                                             [m
    [38;5;252m%% @gummi: what this feature deliberately won't do — scope boundaries prevent gold-plating   [m
    [38;5;252m                                                                                             [m
    [38;5;39;1m## Considered approaches[38;5;252;22m                                                                     [m
    [38;5;252m                                                                                             [m
    [38;5;252m%% @gummi: at least two candidates, with tradeoffs                                           [m
    [38;5;252m                                                                                             [m

[38;2;247;246;251;48;2;107;80;255m [38;2;255;250;241;1mgummi[39;22m [m [48;2;77;76;87m [38;2;191;188;200m1 todo[39m [m                [38;2;191;188;200mtab[m [38;2;133;131;146mannotate[38;2;96;95;107m · [38;2;191;188;200mj/k[m [38;2;133;131;146mscroll[38;2;96;95;107m · [38;2;191;188;200mA[m [38;2;133;131;146mapprove[38;2;96;95;107m · [38;2;191;188;200me[m [38;2;133;131;146meditor[38;2;96;95;107m · [38;2;191;188;200mesc[m [38;2;133;131;146mback[38;2;96;95;107m · [38;2;191;188;200m?[m [38;2;133;131;146mhelp[m