[38;2;96;95;107;48;2;32;31;38m gummi  │  board  │  inbox  │  agent                  tab board/inbox · alt+1/2/3 board/inbox/agent [m
[38;2;96;95;107;48;2;32;31;38m   BACKLOG  6 cards  ·  sort: creation order                                                        [m
[38;2;96;95;107;48;2;32;31;38m                                                                                                    [m
[38;2;96;95;107;48;2;32;31;38m   TODO                                                                                             [m
[38;2;96;95;107;48;2;32;31;38m   1 ○ FD-051 rate limits [thrifty]                                                                 [m
[38;2;96;95;107;48;2;32;31;38m                                                                                                    [m
[38;2;107;80;255m╭───────────────────────────────────────────────────────────────────────────────────────────────────[m
[38;2;107;80;255m│[m
[38;2;107;80;255m│[m  [38;2;255;96;255;1magent tab · choose your CLI[m
[38;2;107;80;255m│[m
[38;2;107;80;255m│[m  [38;2;96;95;107mthis only picks the agent tab's hosted CLI — the engine's own[m
[38;2;107;80;255m│[m  [38;2;96;95;107mper-role backend routing (profiles.yaml) is untouched[m
[38;2;107;80;255m│[m
[38;2;107;80;255m│[m  [38;2;232;254;150mnone of these were found on PATH[m
[38;2;107;80;255m│[m  [38;2;96;95;107mpick one anyway, or install it / set its *_BIN override first[m
[38;2;107;80;255m│[m
[38;2;107;80;255m│[m  [38;2;247;246;251;48;2;90;78;127m▸ copilot (not found)[m   [38;2;96;95;107m  claude (not found)[m   [38;2;96;95;107m  codex (not found)[m   [38;2;96;95;107m  opencode (not found)[m   [38;2;96;95;107m  z[m
[38;2;107;80;255m│[m
[38;2;107;80;255m│[m  [38;2;96;95;107mcopilot — not found on PATH[m
[38;2;107;80;255m│[m
[38;2;107;80;255m│[m  [38;2;96;95;107m←/→ · h/l · r cycle · enter choose · esc cancel[m
[38;2;107;80;255m│[m
[38;2;107;80;255m╰───────────────────────────────────────────────────────────────────────────────────────────────────[m
[38;2;96;95;107;48;2;32;31;38m                                                                                                    [m
[38;2;96;95;107;48;2;32;31;38m                                                                                                    [m
[38;2;96;95;107;48;2;32;31;38m                                                                                                    [m
[38;2;96;95;107;48;2;32;31;38m                                                                                                    [m
[38;2;96;95;107;48;2;32;31;38m                                                                                                    [m
[38;2;96;95;107;48;2;32;31;38m                                                                                                    [m
[38;2;96;95;107;48;2;32;31;38m gummi   1 todo · 3 active · 1 in review · 1 done          enter open card · space commands · ? help[m