[38;2;96;95;107;48;2;32;31;38m gummi  │  board  │  inbox  │  agent                  tab board/inbox · alt+1/2/3 board/inbox/agent [m
[38;2;96;95;107;48;2;32;31;38m   BACKLOG  6 cards  ·  sort: creation order                                                        [m
[38;2;96;95;107;48;2;32;31;38m                                                                                                    [m
[38;2;96;95;107;48;2;32;31;38m   TODO                                                                                             [m
[38;2;96;95;107;48;2;32;31;38m   1 ○ FD-051 rate limits [thrifty]                                                                 [m
[38;2;96;95;107;48;2;32;31;38m                                                                                                    [m
[38;2;96;95;107;48;2;32;31;38m   IN PROGRESS                                                                                      [m
[38;2;96;95;107;48;2;32;31;38m  ▸2 ● FD-042 dark mode [thrifty] ⎇ PR#42                                                           [m
[38;2;96;95;107;48;2;32;31;38m   3 ● FD-047 csv export [38;2;107;80;255;49m╭────────────────────────────────────────────────╮[38;2;96;95;107;48;2;32;31;38m                         [m
[38;2;96;95;107;48;2;32;31;38m   4 ● FD-049 auth fix [t[38;2;107;80;255;49m│[m                                                [38;2;107;80;255m│[38;2;96;95;107;48;2;32;31;38m                         [m
[38;2;96;95;107;48;2;32;31;38m                         [38;2;107;80;255;49m│[m  [38;2;255;96;255;1mverify FD-042[m                                 [38;2;107;80;255m│[38;2;96;95;107;48;2;32;31;38m                         [m
[38;2;96;95;107;48;2;32;31;38m   REVIEW / VERIFY       [38;2;107;80;255;49m│[m  [38;2;232;254;150mthese commands run in the feature's worktree[m  [38;2;107;80;255m│[38;2;96;95;107;48;2;32;31;38m                         [m
[38;2;96;95;107;48;2;32;31;38m   5 ◐ FD-044 search [loc[38;2;107;80;255;49m│[m                                                [38;2;107;80;255m│[38;2;96;95;107;48;2;32;31;38m                         [m
[38;2;96;95;107;48;2;32;31;38m                         [38;2;107;80;255;49m│[m    [38;2;191;188;200;1mbuild[m                                       [38;2;107;80;255m│[38;2;96;95;107;48;2;32;31;38m                         [m
[38;2;96;95;107;48;2;32;31;38m   DONE                  [38;2;107;80;255;49m│[m      [38;2;96;95;107mgo build ./...[m                            [38;2;107;80;255m│[38;2;96;95;107;48;2;32;31;38m                         [m
[38;2;96;95;107;48;2;32;31;38m   6 ✔ FD-039 onboarding [38;2;107;80;255;49m│[m    [38;2;191;188;200;1mtest[m                                        [38;2;107;80;255m│[38;2;96;95;107;48;2;32;31;38m                         [m
[38;2;96;95;107;48;2;32;31;38m                         [38;2;107;80;255;49m│[m      [38;2;96;95;107mgo test ./...[m                             [38;2;107;80;255m│[38;2;96;95;107;48;2;32;31;38m                         [m
[38;2;96;95;107;48;2;32;31;38m                         [38;2;107;80;255;49m│[m                                                [38;2;107;80;255m│[38;2;96;95;107;48;2;32;31;38m                         [m
[38;2;96;95;107;48;2;32;31;38m                         [38;2;107;80;255;49m│[m  [38;2;191;188;200menter[38;2;133;131;146m run[38;2;96;95;107m · [38;2;191;188;200mesc[38;2;133;131;146m cancel[m                        [38;2;107;80;255m│[38;2;96;95;107;48;2;32;31;38m                         [m
[38;2;96;95;107;48;2;32;31;38m                         [38;2;107;80;255;49m│[m                                                [38;2;107;80;255m│[38;2;96;95;107;48;2;32;31;38m                         [m
[38;2;96;95;107;48;2;32;31;38m                         [38;2;107;80;255;49m╰────────────────────────────────────────────────╯[38;2;96;95;107;48;2;32;31;38m                         [m
[38;2;96;95;107;48;2;32;31;38m                                                                                                    [m
[38;2;96;95;107;48;2;32;31;38m                                                                                                    [m
[38;2;96;95;107;48;2;32;31;38m                                                                                                    [m
[38;2;96;95;107;48;2;32;31;38m                                                                                                    [m
[38;2;96;95;107;48;2;32;31;38m                                                                                                    [m
[38;2;96;95;107;48;2;32;31;38m                                                                                                    [m
[38;2;96;95;107;48;2;32;31;38m                                                                                                    [m
[38;2;96;95;107;48;2;32;31;38m                                                                                                    [m
[38;2;96;95;107;48;2;32;31;38m gummi   1 todo · 3 active · 1 in review · 1 done          enter open card · space commands · ? help[m