[48;2;107;80;255m [38;2;255;250;241;1mgummi[39;22m [38;2;58;57;67;48;2;32;31;38m │ [39;48;2;90;78;127m [38;2;247;246;251mboard[39m [38;2;58;57;67;48;2;32;31;38m │ [39m [38;2;133;131;146minbox[39m [38;2;232;254;150m✉1[39m [38;2;58;57;67m │ [39m [38;2;133;131;146magent[39m                                         [38;2;133;131;146mtab[38;2;96;95;107m cycle · [38;2;133;131;146malt+1/2/3[38;2;96;95;107m board/inbox/agent[39m [m
[48;2;32;31;38m                                                                                                                        [m
[48;2;32;31;38m   [38;2;96;95;107m‹ [38;2;191;188;200mesc[38;2;96;95;107m backlog  ·  1 of 1[39m  [38;2;191;188;200malt+j/k[38;2;96;95;107m prev/next card[39m                                                                     [m
[48;2;32;31;38m                                                                                                                        [m
[48;2;32;31;38m  [38;2;255;96;255;1mFD-001[39;22m [38;2;247;246;251m· Bouncy[39m   [38;2;96;95;107m[thrifty][39m   [38;2;96;95;107mautopilot: gates[39m                                                                        [m
[48;2;32;31;38m                                                                                                                        [m
[48;2;32;31;38m  [38;2;96;95;107mtodo ─ brainstorm ─ spec ─ plan ─ implement ─ [39;48;2;232;255;39m [38;2;32;31;38mreview[39m [38;2;96;95;107;48;2;32;31;38m ─ verify ─ done[39m                                                [m
[48;2;32;31;38m                                                                                                                        [m
[48;2;32;31;38m  [38;2;96;95;107m⌄ [38;2;133;131;146mspec[38;2;96;95;107m · Review[39m [38;2;58;57;67m─────────────────────────────────────────────────────────────────────────────────────────────────[39m [38;2;191;188;200ms[39m   [m
[48;2;32;31;38m                                                                                                                        [m
[48;2;32;31;38m  [38;2;96;95;107mnothing has run yet[39m                                                                                                   [m
[48;2;32;31;38m                                                                                                                        [m
[48;2;32;31;38m                                                                                                                        [m
[48;2;32;31;38m                                                                                                                        [m
[48;2;32;31;38m                                                                                                                        [m
[48;2;32;31;38m                                                                                                                        [m
[48;2;32;31;38m                                                                                                                        [m
[48;2;32;31;38m                                                                                                                        [m
[48;2;32;31;38m                                                                                                                        [m
[48;2;32;31;38m                                                                                                                        [m
[48;2;32;31;38m                                                                                                                        [m
[48;2;32;31;38m                                                                                                                        [m
[48;2;32;31;38m                                                                                                                        [m
[48;2;32;31;38m  [38;2;133;131;146mgummi[39m  [38;2;247;246;251mreview is ready for your decision.[39m                                                                             [m
[48;2;32;31;38m  [38;2;247;246;251m  1. read the findings[38;2;96;95;107m — the review loop gave up — read its findings in the spec[39m                                      [m
[48;2;32;31;38m  [38;2;191;188;200;1m▸ [39;22m2. bounce to implement with your words[38;2;96;95;107m — send the findings back for another round[39m                                   [m
[48;2;32;31;38m  [38;2;247;246;251m  3. advance to verify[38;2;96;95;107m — overrule the reviewer if the findings don't hold[39m                                             [m
[48;2;32;31;38m  [38;2;247;246;251m  4. let autopilot finish[38;2;96;95;107m — it takes the remaining correction rounds alone[39m                                            [m
[48;2;32;31;38m                                                                                                                        [m
[48;2;32;31;38m  [38;2;191;188;200m┃ [39mthe contrast is off in dark mode[38;2;107;80;255;7m [39;27m                                                                                   [m
[48;2;32;31;38m                                                                                                                        [m
[38;2;247;246;251;48;2;107;80;255m [38;2;255;250;241;1mgummi[39;22m [48;2;32;31;38m [48;2;77;76;87m [38;2;191;188;200m1 in review[39m [48;2;32;31;38m [48;2;232;254;150m [38;2;32;31;38;1m✉ 1 need you[39;22m [48;2;32;31;38m [48;2;77;76;87m [38;2;191;188;200mFD-001 → review[39m [48;2;32;31;38m               [38;2;191;188;200m↑↓[39m [38;2;133;131;146mchoose[38;2;96;95;107m · [38;2;191;188;200menter[39m [38;2;133;131;146mbounce to implement[38;2;96;95;107m · [38;2;191;188;200mesc[39m [38;2;133;131;146mbacklog[m