[38;2;96;95;107;48;2;32;31;38m gummi  │  board  │  inbox  │  agent                        tab cycle · alt+1/2/3 board/inbox/agent [m
[38;2;96;95;107;48;2;32;31;38m   BACKLOG  6 cards  ·  sort: creation order                                                        [m
[38;2;96;95;107;48;2;32;31;38m                                                                                                    [m
[38;2;96;95;107;48;2;32;31;38m   TODO                                                                                             [m
[38;2;96;95;107;48;2;32;31;38m   1 ○ FD-051 rate limits [thrifty]                                                                 [m
[38;2;96;95;107;48;2;32;31;38m                                                                                                    [m
[38;2;96;95;107;48;2;32;31;38m   IN PROGRESS                                                                                      [m
[38;2;96;95;107;48;2;32;31;38m  ▸2 ● FD-042 dark mode [thrifty] ⎇ PR#42                                                           [m
[38;2;96;95;107;48;2;32;31;38m   3 ● FD-047 csv [38;2;107;80;255m╭──────────────────────────────────────────────────────────────╮[38;2;96;95;107m                  [m
[38;2;96;95;107;48;2;32;31;38m   4 ● FD-049 auth[38;2;107;80;255m│[39m                                                              [38;2;107;80;255m│[38;2;96;95;107m                  [m
[38;2;96;95;107;48;2;32;31;38m                  [38;2;107;80;255m│[39m  [38;2;255;96;255;1mpick up where you left off?[39;22m                                 [38;2;107;80;255m│[38;2;96;95;107m                  [m
[38;2;96;95;107;48;2;32;31;38m   REVIEW / VERIFY[38;2;107;80;255m│[39m                                                              [38;2;107;80;255m│[38;2;96;95;107m                  [m
[38;2;96;95;107;48;2;32;31;38m   5 ◐ FD-044 sear[38;2;107;80;255m│[39m  [38;2;191;188;200m2 cards were stopped when you quit, 7h0m ago.[39m               [38;2;107;80;255m│[38;2;96;95;107m                  [m
[38;2;96;95;107;48;2;32;31;38m                  [38;2;107;80;255m│[39m                                                              [38;2;107;80;255m│[38;2;96;95;107m                  [m
[38;2;96;95;107;48;2;32;31;38m   DONE           [38;2;107;80;255m│[39m  [38;2;191;188;200m  FD-047  csv export  implement · 2 of 5 corrections spent[39m  [38;2;107;80;255m│[38;2;96;95;107m                  [m
[38;2;96;95;107;48;2;32;31;38m   6 ✔ FD-039 onbo[38;2;107;80;255m│[39m  [38;2;191;188;200m  FD-044  search      verify[39m                                [38;2;107;80;255m│[38;2;96;95;107m                  [m
[38;2;96;95;107;48;2;32;31;38m                  [38;2;107;80;255m│[39m                                                              [38;2;107;80;255m│[38;2;96;95;107m                  [m
[38;2;96;95;107;48;2;32;31;38m                  [38;2;107;80;255m│[39m  [38;2;255;250;241;48;2;107;80;255;1m[ Not now     ][39;48;2;32;31;38;22m  [38;2;96;95;107m[ Resume both ][39m                            [38;2;107;80;255m│[38;2;96;95;107m                  [m
[38;2;96;95;107;48;2;32;31;38m                  [38;2;107;80;255m│[39m                                                              [38;2;107;80;255m│[38;2;96;95;107m                  [m
[38;2;96;95;107;48;2;32;31;38m                  [38;2;107;80;255m│[39m  [38;2;96;95;107m←/→ choose · enter select · esc not now[39m                     [38;2;107;80;255m│[38;2;96;95;107m                  [m
[38;2;96;95;107;48;2;32;31;38m                  [38;2;107;80;255m│[39m                                                              [38;2;107;80;255m│[38;2;96;95;107m                  [m
[38;2;96;95;107;48;2;32;31;38m                  [38;2;107;80;255m╰──────────────────────────────────────────────────────────────╯[38;2;96;95;107m                  [m
[38;2;96;95;107;48;2;32;31;38m                                                                                                    [m
[38;2;96;95;107;48;2;32;31;38m                                                                                                    [m
[38;2;96;95;107;48;2;32;31;38m                                                                                                    [m
[38;2;96;95;107;48;2;32;31;38m                                                                                                    [m
[38;2;96;95;107;48;2;32;31;38m                                                                                                    [m
[38;2;96;95;107;48;2;32;31;38m                                                                                                    [m
[38;2;96;95;107;48;2;32;31;38m                                                                                                    [m
[38;2;96;95;107;48;2;32;31;38m gummi   1 todo · 3 active · 1 in review · 1 done          enter open card · space commands · ? help[m