[48;2;107;80;255m [38;2;255;250;241;1mgummi[39;22m [38;2;58;57;67;48;2;32;31;38m │ [39;48;2;90;78;127m [38;2;247;246;251mboard[39m [38;2;58;57;67;48;2;32;31;38m │ [39m [38;2;133;131;146minbox[39m [38;2;58;57;67m │ [39m [38;2;133;131;146magent[39m                                            [38;2;133;131;146mtab[38;2;96;95;107m cycle · [38;2;133;131;146malt+1/2/3[38;2;96;95;107m board/inbox/agent[39m [m
[48;2;32;31;38m                                                                                                                        [m
[48;2;32;31;38m   [38;2;96;95;107m‹ [38;2;191;188;200mesc[38;2;96;95;107m backlog  ·  2 of 6[39m  [38;2;191;188;200malt+j/k[38;2;96;95;107m prev/next card[39m                                                                     [m
[48;2;32;31;38m                                                                                                                        [m
[48;2;32;31;38m  [38;2;255;96;255;1mFD-042[39;22m [38;2;247;246;251m· dark mode[39m   [38;2;96;95;107m[thrifty][39m   [38;2;96;95;107mautopilot: gates[39m                                                                     [m
[48;2;32;31;38m                                                                                                                        [m
[48;2;32;31;38m  [38;2;96;95;107mtodo ─ brainstorm ─ spec ─ plan ─ [39;48;2;0;255;178m [38;2;32;31;38mimplement[39m [38;2;96;95;107;48;2;32;31;38m ─ review ─ verify ─ done[39m                                                [m
[48;2;32;31;38m                                                                                                                        [m
[48;2;32;31;38m  [38;2;96;95;107m⌄ [38;2;133;131;146mspec[38;2;96;95;107m · Implementation notes[39m [38;2;58;57;67m───────────────────────────────────────────────────────────────────────────────────[39m [38;2;191;188;200ms[39m   [m
[48;2;32;31;38m                                                                                                                        [m
[48;2;32;31;38m  [38;2;96;95;107mnothing has run yet[39m                                                                                                   [m
[48;2;32;31;38m                                                                                                                        [m
[48;2;32;31;38m                                                                                                                        [m
[48;2;32;31;38m                                                                                                                        [m
[48;2;32;31;38m                                                                                                                        [m
[48;2;32;31;38m                                                                                                                        [m
[48;2;32;31;38m                                                                                                                        [m
[48;2;32;31;38m                                                                                                                        [m
[48;2;32;31;38m                                                                                                                        [m
[48;2;32;31;38m                                                                                                                        [m
[48;2;32;31;38m                                                                                                                        [m
[48;2;32;31;38m                                                                                                                        [m
[48;2;32;31;38m                                                                                                                        [m
[48;2;32;31;38m                                                                                                                        [m
[48;2;32;31;38m                                                                                                                        [m
[48;2;32;31;38m                                                                                                                        [m
[48;2;32;31;38m                                                                                                                        [m
[48;2;32;31;38m                                                                                                                        [m
[48;2;32;31;38m  [38;2;133;131;146mgummi[39m  [38;2;247;246;251mnothing is running — choose what happens next.[39m                                                                 [m
[48;2;32;31;38m  [38;2;191;188;200;1m▸ [39;22m1. run implement[38;2;96;95;107m — no active run — start (or restart) the stage[39m                                                     [m
[48;2;32;31;38m                                                                                                                        [m
[48;2;32;31;38m  [38;2;191;188;200m┃ [38;2;107;80;255;7mm[38;2;96;95;107;27message the agent, a verb (approve, verify, diff…), or ↑ for actions[39m                                                [m
[48;2;32;31;38m                                                                                                                        [m
[38;2;247;246;251;48;2;107;80;255m [38;2;255;250;241;1mgummi[39;22m [48;2;32;31;38m [48;2;77;76;87m [38;2;191;188;200m1 todo · 3 active · 1 in review · 1 done[39m [48;2;32;31;38m      [38;2;191;188;200m↑↓[39m [38;2;133;131;146mchoose[38;2;96;95;107m · [38;2;191;188;200menter[39m [38;2;133;131;146mrun implement[38;2;96;95;107m · [38;2;191;188;200mpgup/pgdn[39m [38;2;133;131;146mscroll[38;2;96;95;107m · [38;2;191;188;200mesc[39m [38;2;133;131;146mbacklog[m