[38;2;107;80;255;48;2;32;31;38m╭──────────────────────────────────────────────────────────────────────────────────────────────────╮[m
[38;2;107;80;255;48;2;32;31;38m│[39m                                                                                                  [38;2;107;80;255m│[m
[38;2;107;80;255;48;2;32;31;38m│[39m  [38;2;255;96;255;1mnew feature[39;22m                                                                                     [38;2;107;80;255m│[m
[38;2;107;80;255;48;2;32;31;38m│[39m                                                                                                  [38;2;107;80;255m│[m
[38;2;107;80;255;48;2;32;31;38m│[39m  [37m┃ dark mode toggle                                                                            [39m  [38;2;107;80;255m│[m
[38;2;107;80;255;48;2;32;31;38m│[39m  ┃ [30m                                                                                            [39m  [38;2;107;80;255m│[m
[38;2;107;80;255;48;2;32;31;38m│[39m  ┃ [30m                                                                                            [39m  [38;2;107;80;255m│[m
[38;2;107;80;255;48;2;32;31;38m│[39m  ┃ [30m                                                                                            [39m  [38;2;107;80;255m│[m
[38;2;107;80;255;48;2;32;31;38m│[39m  ┃ [30m                                                                                            [39m  [38;2;107;80;255m│[m
[38;2;107;80;255;48;2;32;31;38m│[39m  ┃ [30m                                                                                            [39m  [38;2;107;80;255m│[m
[38;2;107;80;255;48;2;32;31;38m│[39m  ┃ [30m                                                                                            [39m  [38;2;107;80;255m│[m
[38;2;107;80;255;48;2;32;31;38m│[39m  ┃ [30m                                                                                            [39m  [38;2;107;80;255m│[m
[38;2;107;80;255;48;2;32;31;38m│[39m  ┃ [30m                                                                                            [39m  [38;2;107;80;255m│[m
[38;2;107;80;255;48;2;32;31;38m│[39m  ┃ [30m                                                                                            [39m  [38;2;107;80;255m│[m
[38;2;107;80;255;48;2;32;31;38m│[39m  ┃ [30m                                                                                            [39m  [38;2;107;80;255m│[m
[38;2;107;80;255;48;2;32;31;38m│[39m  ┃ [30m                                                                                            [39m  [38;2;107;80;255m│[m
[38;2;107;80;255;48;2;32;31;38m│[39m  ┃ [30m                                                                                            [39m  [38;2;107;80;255m│[m
[38;2;107;80;255;48;2;32;31;38m│[39m  ┃ [30m                                                                                            [39m  [38;2;107;80;255m│[m
[38;2;107;80;255;48;2;32;31;38m│[39m                                                                                                  [38;2;107;80;255m│[m
[38;2;107;80;255;48;2;32;31;38m│[39m  [37m> 0[39m [37m                                             [39m                                               [38;2;107;80;255m│[m
[38;2;107;80;255;48;2;32;31;38m│[39m                                                                                                  [38;2;107;80;255m│[m
[38;2;107;80;255;48;2;32;31;38m│[39m    [38;2;96;95;107mprofile: thrifty[39m                                                                              [38;2;107;80;255m│[m
[38;2;107;80;255;48;2;32;31;38m│[39m  [38;2;247;246;251;48;2;90;78;127;1m▸ [22mroute: skip brainstorm[39;48;2;32;31;38m                                                                        [38;2;107;80;255m│[m
[38;2;107;80;255;48;2;32;31;38m│[39m                                                                                                  [38;2;107;80;255m│[m
[38;2;107;80;255;48;2;32;31;38m│[39m  [38;2;96;95;107m[ Cancel ][39m  [38;2;96;95;107m[ Create ][39m                                                                          [38;2;107;80;255m│[m
[38;2;107;80;255;48;2;32;31;38m│[39m                                                                                                  [38;2;107;80;255m│[m
[38;2;107;80;255;48;2;32;31;38m│[39m  [38;2;96;95;107mtab next · ←/→ change · enter create · esc cancel[39m                                               [38;2;107;80;255m│[m
[38;2;107;80;255;48;2;32;31;38m│[39m                                                                                                  [38;2;107;80;255m│[m
[38;2;107;80;255;48;2;32;31;38m╰──────────────────────────────────────────────────────────────────────────────────────────────────╯[m
[38;2;96;95;107;48;2;32;31;38m gummi   1 todo · 3 active · 1 in review · 1 done          enter open card · space commands · ? help[m